<html>
<body>
<pre>
<h1>µVision Build Log</h1>
<h2>Tool Versions:</h2>
IDE-Version: µVision V5.20.0.0
Copyright (C) 2016 ARM Ltd and ARM Germany GmbH. All rights reserved.
License Information: Rohit Bhardwaj, VNL, LIC=BUUSF-3MU7S-PSPV5-E1FRQ-XGIPV-FI87V
 
Tool Versions:
Toolchain:       MDK-ARM Plus: 3 user  Version: 5.20
Toolchain Path:  C:\Keil_v5\ARM\ARMCC\Bin
C Compiler:      Armcc.exe V5.06 update 2 (build 183)
Assembler:       Armasm.exe V5.06 update 2 (build 183)
Linker/Locator:  ArmLink.exe V5.06 update 2 (build 183)
Library Manager: ArmAr.exe V5.06 update 2 (build 183)
Hex Converter:   FromElf.exe V5.06 update 2 (build 183)
CPU DLL:         SARMCM3.DLL V5.20
Dialog DLL:      DCM.DLL V1.13.7.0
Target DLL:      UL2CM3.DLL V1.157.18.0
Dialog DLL:      TCM.DLL V1.14.9.0
 
<h2>Project:</h2>
C:\Users\rohit.bhardwaj\Desktop\SGPTS Docs\ST_SWD\SWD\MDK-ARM\SWD.uvprojx
Project File Date:  03/19/2019

<h2>Output:</h2>
*** Using Compiler 'V5.06 update 2 (build 183)', folder: 'C:\Keil_v5\ARM\ARMCC\Bin'
Build target 'SWD'
compiling swd.c...
..\Src\swd.c(185): warning:  #188-D: enumerated type mixed with another type
  				sw_info->sw_result = ack;
..\Src\swd.c: 1 warning, 0 errors
linking...
Program Size: Code=14408 RO-data=1360 RW-data=32 ZI-data=2272  
"SWD\SWD.axf" - 0 Error(s), 1 Warning(s).

<h2>Software Packages used:</h2>

Package Vendor: ARM
                http://www.keil.com/pack/ARM.CMSIS.5.0.1.pack
                ARM::CMSIS:CORE:5.0.1
                CMSIS (Cortex Microcontroller Software Interface Standard)
   * Component: CORE Version: 5.0.1

Package Vendor: Keil
                http://www.keil.com/pack/Keil.ARM_Compiler.1.3.1.pack
                Keil.ARM Compiler::Compiler:I/O:STDOUT:User:1.2.0
                Keil ARM Compiler extensions for ARM Compiler 5 and ARM Compiler 6
   * Component: STDOUT Variant: User Version: 1.2.0

<h2>Collection of Component include folders:</h2>
  C:\Users\rohit.bhardwaj\Desktop\SGPTS Docs\ST_SWD\SWD\MDK-ARM\RTE
  C:\Keil_v5\ARM\PACK\ARM\CMSIS\5.0.1\CMSIS\Include
  C:\Keil_v5\ARM\PACK\Keil\STM32F7xx_DFP\2.9.0\Drivers\CMSIS\Device\ST\STM32F7xx\Include

<h2>Collection of Component Files used:</h2>

   * Component: ARM::CMSIS:CORE:5.0.1

   * Component: Keil.ARM Compiler::Compiler:I/O:STDOUT:User:1.2.0
      Source file:   Template\stdout_user.c
      Source file:   Template\stdout_USART.c
      Source file:   Source\retarget_io.c
      Source file:   Template\stdout_display.c
Build Time Elapsed:  00:00:05
</pre>
</body>
</html>
